// Jest Snapshot v1, https://goo.gl/fbAQLP

exports[`FeedbackForm correct default value in rating input 1`] = `
<input
  checked=""
  class="MuiRating-visuallyHidden"
  id="mui-38"
  name="rating"
  type="radio"
  value="3"
/>
`;

exports[`FeedbackForm renders correct button 1`] = `
<button
  class="MuiButton-root MuiButton-outlined MuiButton-outlinedError MuiButton-sizeMedium MuiButton-outlinedSizeMedium MuiButtonBase-root  css-180lf2n-MuiButtonBase-root-MuiButton-root"
  tabindex="0"
  type="button"
>
  CANCEL
  <span
    class="MuiTouchRipple-root css-8je8zh-MuiTouchRipple-root"
  />
</button>
`;
